// Vitest Snapshot v1, https://vitest.dev/guide/snapshot.html

exports[`getNewBurns > should return the latest burn id 1`] = `
{
  "amount": "0.000123456789012345",
  "event": {
    "block": {
      "timestamp": "2024-10-31T15:15:00.000Z",
    },
    "blockId": 1,
    "indexInBlock": 1,
  },
  "id": 11,
  "valueUsd": "4.21",
}
`;
