// Vitest Snapshot v1, https://vitest.dev/guide/snapshot.html

exports[`swapStatusCheck > adds boost info 1`] = `
[
  [
    [
      {
        "data": {
          "filterData": {
            "name": "NEW_SWAP",
            "usdValue": 78725.5517676093,
          },
          "message": "🦈 Swap <strong><a href="https://scan.chainflip.io/swaps/103899">#103899</a></strong>
📥 <strong>1.030556 BTC</strong> ($78,624.35)
📤 <strong>78,565.74453 USDC on Ethereum</strong> ($78,725.55)
⏱️ Took: <strong>10 min</strong>
🟢 Delta: <strong>$101.20</strong> (0.13%)
📓 Chunks: <strong>26/26</strong>
⚡ <strong>Boosted</strong> for <strong>$39.31</strong>
🏦 via <strong><a href="https://scan.chainflip.io/brokers/cFLRQDfEdmnv6d2XfHJNRBQHi4fruPMReLSfvB8WWD2ENbqj7">Chainflip Swapping</a></strong>",
          "platform": "telegram",
        },
        "name": "messageRouter",
      },
      {
        "data": {
          "filterData": {
            "name": "NEW_SWAP",
            "usdValue": 78725.5517676093,
          },
          "message": "🦈 Swap **[#103899](https://scan.chainflip.io/swaps/103899)**
📥 **1.030556 BTC** ($78,624.35)
📤 **78,565.74453 USDC on Ethereum** ($78,725.55)
⏱️ Took: **10 min**
🟢 Delta: **$101.20** (0.13%)
📓 Chunks: **26/26**
⚡ **Boosted** for **$39.31**
🏦 via **[Chainflip Swapping](https://scan.chainflip.io/brokers/cFLRQDfEdmnv6d2XfHJNRBQHi4fruPMReLSfvB8WWD2ENbqj7)**",
          "platform": "discord",
        },
        "name": "messageRouter",
      },
      {
        "data": {
          "filterData": {
            "name": "NEW_SWAP",
            "usdValue": 78725.5517676093,
          },
          "message": "🦈 Swap https://scan.chainflip.io/swaps/103899
📥 1.030556 BTC ($78,624.35)
📤 78,565.74453 USDC on Ethereum ($78,725.55)
⏱️ Took: 10 min
🟢 Delta: $101.20 (0.13%)
📓 Chunks: 26/26
⚡ Boosted for $39.31
🏦 via Chainflip Swapping
#chainflip $flip",
          "platform": "twitter",
        },
        "name": "messageRouter",
      },
    ],
  ],
]
`;

exports[`swapStatusCheck > check fresh swap status and send swap info message 1`] = `
[
  [
    {
      "data": {
        "filterData": {
          "name": "NEW_SWAP",
          "usdValue": 5611.3799573378,
        },
        "message": "🦐 Swap <strong><a href="https://scan.chainflip.io/swaps/77697">#77697</a></strong>
📥 <strong>5,000 FLIP on Ethereum</strong> ($5,568.07)
📤 <strong>5,616.094932 USDT on Ethereum</strong> ($5,611.38)
⏱️ Took: <strong>1 min</strong>
🟢 Delta: <strong>$43.31</strong> (0.78%)
📓 Chunks: <strong>2/2</strong>
🏦 via <strong><a href="https://scan.chainflip.io/brokers/cFLRQDfEdmnv6d2XfHJNRBQHi4fruPMReLSfvB8WWD2ENbqj7">Chainflip Swapping</a></strong>",
        "platform": "telegram",
      },
      "name": "messageRouter",
    },
    {
      "data": {
        "filterData": {
          "name": "NEW_SWAP",
          "usdValue": 5611.3799573378,
        },
        "message": "🦐 Swap **[#77697](https://scan.chainflip.io/swaps/77697)**
📥 **5,000 FLIP on Ethereum** ($5,568.07)
📤 **5,616.094932 USDT on Ethereum** ($5,611.38)
⏱️ Took: **1 min**
🟢 Delta: **$43.31** (0.78%)
📓 Chunks: **2/2**
🏦 via **[Chainflip Swapping](https://scan.chainflip.io/brokers/cFLRQDfEdmnv6d2XfHJNRBQHi4fruPMReLSfvB8WWD2ENbqj7)**",
        "platform": "discord",
      },
      "name": "messageRouter",
    },
    {
      "data": {
        "filterData": {
          "name": "NEW_SWAP",
          "usdValue": 5611.3799573378,
        },
        "message": "🦐 Swap https://scan.chainflip.io/swaps/77697
📥 5,000 FLIP on Ethereum ($5,568.07)
📤 5,616.094932 USDT on Ethereum ($5,611.38)
⏱️ Took: 1 min
🟢 Delta: $43.31 (0.78%)
📓 Chunks: 2/2
🏦 via Chainflip Swapping
#chainflip $flip",
        "platform": "twitter",
      },
      "name": "messageRouter",
    },
  ],
]
`;

exports[`swapStatusCheck > contains affiliate broker info in swap message 1`] = `
[
  [
    {
      "data": {
        "filterData": {
          "name": "NEW_SWAP",
          "usdValue": 107.1607382721,
        },
        "message": "🦐 Swap <strong><a href="https://scan.chainflip.io/swaps/106495">#106495</a></strong>
📥 <strong>20 DOT</strong> ($108.49)
📤 <strong>107.196933 USDC on Arbitrum</strong> ($107.16)
⏱️ Took: <strong>15 sec</strong>
⚪️ Delta: <strong>-$1.33</strong> (-1.22%)
🏦 via <strong><a href="https://scan.chainflip.io/brokers/cFJZVRaybb2PBwxTiAiRLiQfHY4KPB3RpJK22Q7Fhqk979aCH">Broker as a Service</a></strong>
🏰 Affiliate: <strong><a href="https://scan.chainflip.io/brokers/cFMYQgx3LhxLNDEiFC5nLXp5r1ZUrXocrQDqJB1Z3mqEegT6g">SubWallet</a> </strong>",
        "platform": "telegram",
      },
      "name": "messageRouter",
    },
    {
      "data": {
        "filterData": {
          "name": "NEW_SWAP",
          "usdValue": 107.1607382721,
        },
        "message": "🦐 Swap **[#106495](https://scan.chainflip.io/swaps/106495)**
📥 **20 DOT** ($108.49)
📤 **107.196933 USDC on Arbitrum** ($107.16)
⏱️ Took: **15 sec**
⚪️ Delta: **-$1.33** (-1.22%)
🏦 via **[Broker as a Service](https://scan.chainflip.io/brokers/cFJZVRaybb2PBwxTiAiRLiQfHY4KPB3RpJK22Q7Fhqk979aCH)**
🏰 Affiliate: **[SubWallet](https://scan.chainflip.io/brokers/cFMYQgx3LhxLNDEiFC5nLXp5r1ZUrXocrQDqJB1Z3mqEegT6g) **",
        "platform": "discord",
      },
      "name": "messageRouter",
    },
    {
      "data": {
        "filterData": {
          "name": "NEW_SWAP",
          "usdValue": 107.1607382721,
        },
        "message": "🦐 Swap https://scan.chainflip.io/swaps/106495
📥 20 DOT ($108.49)
📤 107.196933 USDC on Arbitrum ($107.16)
⏱️ Took: 15 sec
⚪️ Delta: -$1.33 (-1.22%)
🏦 via Broker as a Service
🏰 Affiliate: SubWallet 
#chainflip $flip",
        "platform": "twitter",
      },
      "name": "messageRouter",
    },
  ],
]
`;

exports[`swapStatusCheck > subtracts out the refund egress amount from the ingress amount 1`] = `
[
  [
    {
      "data": {
        "filterData": {
          "name": "NEW_SWAP",
          "usdValue": 17206.1360813008,
        },
        "message": "🐟 Swap <strong><a href="https://scan.chainflip.io/swaps/103045">#103045</a></strong>
📥 <strong>13,348.70221 FLIP on Ethereum</strong> ($17,038.94)
📤 <strong>5.939236 ETH on Ethereum</strong> ($17,206.14)
↩️ <strong>24,455.099318 FLIP on Ethereum</strong> ($31,269.46)
⏱️ Took: <strong>18 min</strong>
🟢 Delta: <strong>$167.19</strong> (0.98%)
📓 Chunks: <strong>6/17</strong>
🏦 via <strong><a href="https://scan.chainflip.io/brokers/cFLRQDfEdmnv6d2XfHJNRBQHi4fruPMReLSfvB8WWD2ENbqj7">Chainflip Swapping</a></strong>",
        "platform": "telegram",
      },
      "name": "messageRouter",
    },
    {
      "data": {
        "filterData": {
          "name": "NEW_SWAP",
          "usdValue": 17206.1360813008,
        },
        "message": "🐟 Swap **[#103045](https://scan.chainflip.io/swaps/103045)**
📥 **13,348.70221 FLIP on Ethereum** ($17,038.94)
📤 **5.939236 ETH on Ethereum** ($17,206.14)
↩️ **24,455.099318 FLIP on Ethereum** ($31,269.46)
⏱️ Took: **18 min**
🟢 Delta: **$167.19** (0.98%)
📓 Chunks: **6/17**
🏦 via **[Chainflip Swapping](https://scan.chainflip.io/brokers/cFLRQDfEdmnv6d2XfHJNRBQHi4fruPMReLSfvB8WWD2ENbqj7)**",
        "platform": "discord",
      },
      "name": "messageRouter",
    },
    {
      "data": {
        "filterData": {
          "name": "NEW_SWAP",
          "usdValue": 17206.1360813008,
        },
        "message": "🐟 Swap https://scan.chainflip.io/swaps/103045
📥 13,348.70221 FLIP on Ethereum ($17,038.94)
📤 5.939236 ETH on Ethereum ($17,206.14)
↩️ 24,455.099318 FLIP on Ethereum ($31,269.46)
⏱️ Took: 18 min
🟢 Delta: $167.19 (0.98%)
📓 Chunks: 6/17
🏦 via Chainflip Swapping
#chainflip $flip",
        "platform": "twitter",
      },
      "name": "messageRouter",
    },
  ],
]
`;
