// Vitest Snapshot v1, https://vitest.dev/guide/snapshot.html

exports[`swapStatusCheck > check fresh swap status and send swap info message 1`] = `
[
  [
    {
      "data": {
        "filterData": {
          "name": "NEW_SWAP",
          "usdValue": 5611.3799573378,
        },
        "message": "🦐 Swap <strong><a href="https://scan.chainflip.io/swaps/77697">#77697</a></strong>
📥 <strong>5,000 FLIP on Ethereum</strong> ($5,568.07)
📤 <strong>5,616.094932 USDT on Ethereum</strong> ($5,611.38)
⏱️ Took: <strong>1 min</strong>
🟢 Delta: <strong>$43.31</strong> (0.77%)
📓 Chunks: <strong>2/2</strong>
🏦 via <strong><a href="https://scan.chainflip.io/brokers/cFLRQDfEdmnv6d2XfHJNRBQHi4fruPMReLSfvB8WWD2ENbqj7">Chainflip Swapping</a></strong>",
        "platform": "telegram",
      },
      "name": "messageRouter",
    },
    {
      "data": {
        "filterData": {
          "name": "NEW_SWAP",
          "usdValue": 5611.3799573378,
        },
        "message": "🦐 Swap **[#77697](https://scan.chainflip.io/swaps/77697)**
📥 **5,000 FLIP on Ethereum** ($5,568.07)
📤 **5,616.094932 USDT on Ethereum** ($5,611.38)
⏱️ Took: **1 min**
🟢 Delta: **$43.31** (0.77%)
📓 Chunks: **2/2**
🏦 via **[Chainflip Swapping](https://scan.chainflip.io/brokers/cFLRQDfEdmnv6d2XfHJNRBQHi4fruPMReLSfvB8WWD2ENbqj7)**",
        "platform": "discord",
      },
      "name": "messageRouter",
    },
    {
      "data": {
        "filterData": {
          "name": "NEW_SWAP",
          "usdValue": 5611.3799573378,
        },
        "message": "🦐 Swap https://scan.chainflip.io/swaps/77697
📥 5,000 FLIP on Ethereum ($5,568.07)
📤 5,616.094932 USDT on Ethereum ($5,611.38)
⏱️ Took: 1 min
🟢 Delta: $43.31 (0.77%)
📓 Chunks: 2/2
🏦 via Chainflip Swapping
#chainflip $flip",
        "platform": "twitter",
      },
      "name": "messageRouter",
    },
  ],
]
`;

exports[`swapStatusCheck > subtracts out the refund egress amount from the ingress amount 1`] = `
[
  [
    {
      "data": {
        "filterData": {
          "name": "NEW_SWAP",
          "usdValue": 17206.1360813008,
        },
        "message": "🐟 Swap <strong><a href="https://scan.chainflip.io/swaps/103045">#103045</a></strong>
📥 <strong>13,348.70221 FLIP on Ethereum</strong> ($17,038.94)
📤 <strong>5.939236 ETH on Ethereum</strong> ($17,206.14)
↩️ <strong>24,455.099318 FLIP on Ethereum</strong> ($31,269.46)
⏱️ Took: <strong>18 min</strong>
🟢 Delta: <strong>$167.20</strong> (0.98%)
📓 Chunks: <strong>6/17</strong>
🏦 via <strong><a href="https://scan.chainflip.io/brokers/cFLRQDfEdmnv6d2XfHJNRBQHi4fruPMReLSfvB8WWD2ENbqj7">Chainflip Swapping</a></strong>",
        "platform": "telegram",
      },
      "name": "messageRouter",
    },
    {
      "data": {
        "filterData": {
          "name": "NEW_SWAP",
          "usdValue": 17206.1360813008,
        },
        "message": "🐟 Swap **[#103045](https://scan.chainflip.io/swaps/103045)**
📥 **13,348.70221 FLIP on Ethereum** ($17,038.94)
📤 **5.939236 ETH on Ethereum** ($17,206.14)
↩️ **24,455.099318 FLIP on Ethereum** ($31,269.46)
⏱️ Took: **18 min**
🟢 Delta: **$167.20** (0.98%)
📓 Chunks: **6/17**
🏦 via **[Chainflip Swapping](https://scan.chainflip.io/brokers/cFLRQDfEdmnv6d2XfHJNRBQHi4fruPMReLSfvB8WWD2ENbqj7)**",
        "platform": "discord",
      },
      "name": "messageRouter",
    },
    {
      "data": {
        "filterData": {
          "name": "NEW_SWAP",
          "usdValue": 17206.1360813008,
        },
        "message": "🐟 Swap https://scan.chainflip.io/swaps/103045
📥 13,348.70221 FLIP on Ethereum ($17,038.94)
📤 5.939236 ETH on Ethereum ($17,206.14)
↩️ 24,455.099318 FLIP on Ethereum ($31,269.46)
⏱️ Took: 18 min
🟢 Delta: $167.20 (0.98%)
📓 Chunks: 6/17
🏦 via Chainflip Swapping
#chainflip $flip",
        "platform": "twitter",
      },
      "name": "messageRouter",
    },
  ],
]
`;
