// Vitest Snapshot v1, https://vitest.dev/guide/snapshot.html

exports[`Config > Config.get > returns the config for a key (discord:discord_1) 1`] = `
{
  "channelId": "channel1",
  "token": "discord bot token",
  "type": "discord",
}
`;

exports[`Config > Config.get > returns the config for a key (telegram:telegram_1) 1`] = `
{
  "channelId": "123",
  "token": "bot token",
  "type": "telegram",
}
`;

exports[`Config > Config.get > returns the config for a key (twitter:twitter_1) 1`] = `
{
  "consumerKey": "xxx",
  "consumerKeySecret": "xxx",
  "oauthKey": "xxx",
  "oauthKeySecret": "xxx",
  "type": "twitter",
}
`;
