// Vitest Snapshot v1, https://vitest.dev/guide/snapshot.html

exports[`getSwapCompletionTime > swap completion time estimate based on dynamically defined pre-block time intervals > returns a truncated swap completion time estimate for Arbitrum 1`] = `"06min 00s"`;

exports[`getSwapCompletionTime > swap completion time estimate based on dynamically defined pre-block time intervals > returns a truncated swap completion time estimate for Bitcoin 1`] = `"06min 00s"`;

exports[`getSwapCompletionTime > swap completion time estimate based on dynamically defined pre-block time intervals > returns a truncated swap completion time estimate for Ethereum 1`] = `"06min 00s"`;

exports[`getSwapCompletionTime > swap completion time estimate based on dynamically defined pre-block time intervals > returns a truncated swap completion time estimate for Polkadot 1`] = `"06min 00s"`;

exports[`getSwapCompletionTime > swap completion time estimate based on dynamically defined pre-block time intervals > returns an exact swap completion time estimate for Arbitrum 1`] = `"06min 00s"`;

exports[`getSwapCompletionTime > swap completion time estimate based on dynamically defined pre-block time intervals > returns an exact swap completion time estimate for Bitcoin 1`] = `"06min 00s"`;

exports[`getSwapCompletionTime > swap completion time estimate based on dynamically defined pre-block time intervals > returns an exact swap completion time estimate for Ethereum 1`] = `"06min 00s"`;

exports[`getSwapCompletionTime > swap completion time estimate based on dynamically defined pre-block time intervals > returns an exact swap completion time estimate for Polkadot 1`] = `"06min 00s"`;

exports[`getSwapCompletionTime > swap completion time estimate based on dynamically defined pre-block time intervals using channel creation timestamp > returns a truncated swap completion time estimate for Arbitrum 1`] = `"05min 45s"`;

exports[`getSwapCompletionTime > swap completion time estimate based on dynamically defined pre-block time intervals using channel creation timestamp > returns a truncated swap completion time estimate for Bitcoin 1`] = `"05min 45s"`;

exports[`getSwapCompletionTime > swap completion time estimate based on dynamically defined pre-block time intervals using channel creation timestamp > returns a truncated swap completion time estimate for Ethereum 1`] = `"05min 45s"`;

exports[`getSwapCompletionTime > swap completion time estimate based on dynamically defined pre-block time intervals using channel creation timestamp > returns a truncated swap completion time estimate for Polkadot 1`] = `"05min 45s"`;

exports[`getSwapCompletionTime > swap completion time estimate based on dynamically defined pre-block time intervals using channel creation timestamp > returns an exact swap completion time estimate for Arbitrum 1`] = `"05min 45s"`;

exports[`getSwapCompletionTime > swap completion time estimate based on dynamically defined pre-block time intervals using channel creation timestamp > returns an exact swap completion time estimate for Bitcoin 1`] = `"05min 45s"`;

exports[`getSwapCompletionTime > swap completion time estimate based on dynamically defined pre-block time intervals using channel creation timestamp > returns an exact swap completion time estimate for Ethereum 1`] = `"05min 45s"`;

exports[`getSwapCompletionTime > swap completion time estimate based on dynamically defined pre-block time intervals using channel creation timestamp > returns an exact swap completion time estimate for Polkadot 1`] = `"05min 45s"`;

exports[`getSwapCompletionTime > swap completion time estimate based on dynamically defined pre-block time intervals using pre deposit block timestamp > returns a truncated swap completion time estimate for Arbitrum 1`] = `"06min 00s"`;

exports[`getSwapCompletionTime > swap completion time estimate based on dynamically defined pre-block time intervals using pre deposit block timestamp > returns a truncated swap completion time estimate for Bitcoin 1`] = `"06min 00s"`;

exports[`getSwapCompletionTime > swap completion time estimate based on dynamically defined pre-block time intervals using pre deposit block timestamp > returns a truncated swap completion time estimate for Ethereum 1`] = `"06min 00s"`;

exports[`getSwapCompletionTime > swap completion time estimate based on dynamically defined pre-block time intervals using pre deposit block timestamp > returns a truncated swap completion time estimate for Polkadot 1`] = `"06min 00s"`;

exports[`getSwapCompletionTime > swap completion time estimate based on dynamically defined pre-block time intervals using pre deposit block timestamp > returns an exact swap completion time estimate for Arbitrum 1`] = `"06min 00s"`;

exports[`getSwapCompletionTime > swap completion time estimate based on dynamically defined pre-block time intervals using pre deposit block timestamp > returns an exact swap completion time estimate for Bitcoin 1`] = `"06min 00s"`;

exports[`getSwapCompletionTime > swap completion time estimate based on dynamically defined pre-block time intervals using pre deposit block timestamp > returns an exact swap completion time estimate for Ethereum 1`] = `"06min 00s"`;

exports[`getSwapCompletionTime > swap completion time estimate based on dynamically defined pre-block time intervals using pre deposit block timestamp > returns an exact swap completion time estimate for Polkadot 1`] = `"06min 00s"`;

exports[`getSwapCompletionTime > swap completion time estimate based on statically defined pre-block time intervals > returns a truncated swap completion time estimate for Arbitrum 1`] = `"06min 30s"`;

exports[`getSwapCompletionTime > swap completion time estimate based on statically defined pre-block time intervals > returns a truncated swap completion time estimate for Bitcoin 1`] = `"11min 30s"`;

exports[`getSwapCompletionTime > swap completion time estimate based on statically defined pre-block time intervals > returns a truncated swap completion time estimate for Ethereum 1`] = `"06min 36s"`;

exports[`getSwapCompletionTime > swap completion time estimate based on statically defined pre-block time intervals > returns a truncated swap completion time estimate for Polkadot 1`] = `"06min 33s"`;

exports[`getSwapCompletionTime > swap completion time estimate based on statically defined pre-block time intervals > returns an exact swap completion time estimate for Arbitrum 1`] = `"06min 30s"`;

exports[`getSwapCompletionTime > swap completion time estimate based on statically defined pre-block time intervals > returns an exact swap completion time estimate for Bitcoin 1`] = `"11min 30s"`;

exports[`getSwapCompletionTime > swap completion time estimate based on statically defined pre-block time intervals > returns an exact swap completion time estimate for Ethereum 1`] = `"06min 36s"`;

exports[`getSwapCompletionTime > swap completion time estimate based on statically defined pre-block time intervals > returns an exact swap completion time estimate for Polkadot 1`] = `"06min 33s"`;
